// Jest Snapshot v1, https://goo.gl/fbAQLP

exports[`renders correctly 1`] = `
<div
  className="rocket card"
>
  <img
    className="card-img-top rocket-img"
  />
  <div
    className="rocket-ription card-body"
  >
    <div
      className="rocket-title card-title h5"
    />
    <div
      className="rocket-reservation-badge"
      style={
        Object {
          "height": "22px",
        }
      }
    >
      <span
        className=""
      />
    </div>
    <p
      className="card-text"
    />
    <button
      className="reserve-rocket-btn btn btn-primary"
      disabled={false}
      onClick={[Function]}
      type="button"
    >
      Reserve Rocket
    </button>
  </div>
</div>
`;
